Command line invocation:
    /Applications/Xcode_16.4.app/Contents/Developer/usr/bin/xcodebuild build -project Mizuumi.xcodeproj -scheme Mizuumi -configuration Release -destination generic/platform=iOS -derivedDataPath build CODE_SIGNING_ALLOWED=NO CODE_SIGNING_REQUIRED=NO CODE_SIGN_IDENTITY=

Build settings from command line:
    CODE_SIGN_IDENTITY = 
    CODE_SIGNING_ALLOWED = NO
    CODE_SIGNING_REQUIRED = NO

note: Using codesigning identity override: 
ComputePackagePrebuildTargetDependencyGraph

Prepare packages

CreateBuildRequest

SendProjectDescription

CreateBuildOperation

ComputeTargetDependencyGraph
note: Building targets in dependency order
note: Target dependency graph (1 target)
    Target 'Mizuumi' in project 'Mizuumi' (no dependencies)

GatherProvisioningInputs

CreateBuildDescription

ExecuteExternalTool /Applications/Xcode_16.4.app/Contents/Developer/usr/bin/actool --print-asset-tag-combinations --output-format xml1 /Users/runner/work/mizuumi-fishing/mizuumi-fishing/Mizuumi/Assets.xcassets

ExecuteExternalTool /Applications/Xcode_16.4.app/Contents/Developer/Toolchains/XcodeDefault.xctoolchain/usr/bin/clang -v -E -dM -isysroot /Applications/Xcode_16.4.app/Contents/Developer/Platforms/iPhoneOS.platform/Developer/SDKs/iPhoneOS18.5.sdk -x c -c /dev/null

ExecuteExternalTool /Applications/Xcode_16.4.app/Contents/Developer/usr/bin/actool --version --output-format xml1

ExecuteExternalTool /Applications/Xcode_16.4.app/Contents/Developer/Toolchains/XcodeDefault.xctoolchain/usr/bin/swiftc --version

ExecuteExternalTool /Applications/Xcode_16.4.app/Contents/Developer/Toolchains/XcodeDefault.xctoolchain/usr/bin/ld -version_details

Build description signature: 8a4fc373312666447639055b1499b1c6
Build description path: /Users/runner/work/mizuumi-fishing/mizuumi-fishing/build/Build/Intermediates.noindex/XCBuildData/8a4fc373312666447639055b1499b1c6.xcbuilddata
ClangStatCache /Applications/Xcode_16.4.app/Contents/Developer/Toolchains/XcodeDefault.xctoolchain/usr/bin/clang-stat-cache /Applications/Xcode_16.4.app/Contents/Developer/Platforms/iPhoneOS.platform/Developer/SDKs/iPhoneOS18.5.sdk /Users/runner/work/mizuumi-fishing/mizuumi-fishing/build/SDKStatCaches.noindex/iphoneos18.5-22F76-a529daf784b3616c7c04a36aeb7f5c05.sdkstatcache
    cd /Users/runner/work/mizuumi-fishing/mizuumi-fishing/Mizuumi.xcodeproj
    /Applications/Xcode_16.4.app/Contents/Developer/Toolchains/XcodeDefault.xctoolchain/usr/bin/clang-stat-cache /Applications/Xcode_16.4.app/Contents/Developer/Platforms/iPhoneOS.platform/Developer/SDKs/iPhoneOS18.5.sdk -o /Users/runner/work/mizuumi-fishing/mizuumi-fishing/build/SDKStatCaches.noindex/iphoneos18.5-22F76-a529daf784b3616c7c04a36aeb7f5c05.sdkstatcache

CreateBuildDirectory /Users/runner/work/mizuumi-fishing/mizuumi-fishing/build/Build/Products
    cd /Users/runner/work/mizuumi-fishing/mizuumi-fishing/Mizuumi.xcodeproj
    builtin-create-build-directory /Users/runner/work/mizuumi-fishing/mizuumi-fishing/build/Build/Products

CreateBuildDirectory /Users/runner/work/mizuumi-fishing/mizuumi-fishing/build/Build/Intermediates.noindex
    cd /Users/runner/work/mizuumi-fishing/mizuumi-fishing/Mizuumi.xcodeproj
    builtin-create-build-directory /Users/runner/work/mizuumi-fishing/mizuumi-fishing/build/Build/Intermediates.noindex

WriteAuxiliaryFile /Users/runner/work/mizuumi-fishing/mizuumi-fishing/build/Build/Intermediates.noindex/Mizuumi.build/Release-iphoneos/Mizuumi-29e36392c088b4c54b8c293525a4517a-VFS-iphoneos/all-product-headers.yaml
    cd /Users/runner/work/mizuumi-fishing/mizuumi-fishing/Mizuumi.xcodeproj
    write-file /Users/runner/work/mizuumi-fishing/mizuumi-fishing/build/Build/Intermediates.noindex/Mizuumi.build/Release-iphoneos/Mizuumi-29e36392c088b4c54b8c293525a4517a-VFS-iphoneos/all-product-headers.yaml

CreateBuildDirectory /Users/runner/work/mizuumi-fishing/mizuumi-fishing/build/Build/Products/Release-iphoneos
    cd /Users/runner/work/mizuumi-fishing/mizuumi-fishing/Mizuumi.xcodeproj
    builtin-create-build-directory /Users/runner/work/mizuumi-fishing/mizuumi-fishing/build/Build/Products/Release-iphoneos

CreateBuildDirectory /Users/runner/work/mizuumi-fishing/mizuumi-fishing/build/Build/Intermediates.noindex/EagerLinkingTBDs/Release-iphoneos
    cd /Users/runner/work/mizuumi-fishing/mizuumi-fishing/Mizuumi.xcodeproj
    builtin-create-build-directory /Users/runner/work/mizuumi-fishing/mizuumi-fishing/build/Build/Intermediates.noindex/EagerLinkingTBDs/Release-iphoneos

WriteAuxiliaryFile /Users/runner/work/mizuumi-fishing/mizuumi-fishing/build/Build/Intermediates.noindex/Mizuumi.build/Release-iphoneos/Mizuumi.build/empty-Mizuumi.plist (in target 'Mizuumi' from project 'Mizuumi')
    cd /Users/runner/work/mizuumi-fishing/mizuumi-fishing
    write-file /Users/runner/work/mizuumi-fishing/mizuumi-fishing/build/Build/Intermediates.noindex/Mizuumi.build/Release-iphoneos/Mizuumi.build/empty-Mizuumi.plist

WriteAuxiliaryFile /Users/runner/work/mizuumi-fishing/mizuumi-fishing/build/Build/Intermediates.noindex/Mizuumi.build/Release-iphoneos/Mizuumi.build/Objects-normal/arm64/Mizuumi_const_extract_protocols.json (in target 'Mizuumi' from project 'Mizuumi')
    cd /Users/runner/work/mizuumi-fishing/mizuumi-fishing
    write-file /Users/runner/work/mizuumi-fishing/mizuumi-fishing/build/Build/Intermediates.noindex/Mizuumi.build/Release-iphoneos/Mizuumi.build/Objects-normal/arm64/Mizuumi_const_extract_protocols.json

WriteAuxiliaryFile /Users/runner/work/mizuumi-fishing/mizuumi-fishing/build/Build/Intermediates.noindex/Mizuumi.build/Release-iphoneos/Mizuumi.build/Objects-normal/arm64/Mizuumi.SwiftFileList (in target 'Mizuumi' from project 'Mizuumi')
    cd /Users/runner/work/mizuumi-fishing/mizuumi-fishing
    write-file /Users/runner/work/mizuumi-fishing/mizuumi-fishing/build/Build/Intermediates.noindex/Mizuumi.build/Release-iphoneos/Mizuumi.build/Objects-normal/arm64/Mizuumi.SwiftFileList

WriteAuxiliaryFile /Users/runner/work/mizuumi-fishing/mizuumi-fishing/build/Build/Intermediates.noindex/Mizuumi.build/Release-iphoneos/Mizuumi.build/Objects-normal/arm64/Mizuumi.SwiftConstValuesFileList (in target 'Mizuumi' from project 'Mizuumi')
    cd /Users/runner/work/mizuumi-fishing/mizuumi-fishing
    write-file /Users/runner/work/mizuumi-fishing/mizuumi-fishing/build/Build/Intermediates.noindex/Mizuumi.build/Release-iphoneos/Mizuumi.build/Objects-normal/arm64/Mizuumi.SwiftConstValuesFileList

WriteAuxiliaryFile /Users/runner/work/mizuumi-fishing/mizuumi-fishing/build/Build/Intermediates.noindex/Mizuumi.build/Release-iphoneos/Mizuumi.build/Objects-normal/arm64/Mizuumi.LinkFileList (in target 'Mizuumi' from project 'Mizuumi')
    cd /Users/runner/work/mizuumi-fishing/mizuumi-fishing
    write-file /Users/runner/work/mizuumi-fishing/mizuumi-fishing/build/Build/Intermediates.noindex/Mizuumi.build/Release-iphoneos/Mizuumi.build/Objects-normal/arm64/Mizuumi.LinkFileList

WriteAuxiliaryFile /Users/runner/work/mizuumi-fishing/mizuumi-fishing/build/Build/Intermediates.noindex/Mizuumi.build/Release-iphoneos/Mizuumi.build/Objects-normal/arm64/Mizuumi-OutputFileMap.json (in target 'Mizuumi' from project 'Mizuumi')
    cd /Users/runner/work/mizuumi-fishing/mizuumi-fishing
    write-file /Users/runner/work/mizuumi-fishing/mizuumi-fishing/build/Build/Intermediates.noindex/Mizuumi.build/Release-iphoneos/Mizuumi.build/Objects-normal/arm64/Mizuumi-OutputFileMap.json

WriteAuxiliaryFile /Users/runner/work/mizuumi-fishing/mizuumi-fishing/build/Build/Intermediates.noindex/Mizuumi.build/Release-iphoneos/Mizuumi.build/Mizuumi.hmap (in target 'Mizuumi' from project 'Mizuumi')
    cd /Users/runner/work/mizuumi-fishing/mizuumi-fishing
    write-file /Users/runner/work/mizuumi-fishing/mizuumi-fishing/build/Build/Intermediates.noindex/Mizuumi.build/Release-iphoneos/Mizuumi.build/Mizuumi.hmap

WriteAuxiliaryFile /Users/runner/work/mizuumi-fishing/mizuumi-fishing/build/Build/Intermediates.noindex/Mizuumi.build/Release-iphoneos/Mizuumi.build/Mizuumi.DependencyStaticMetadataFileList (in target 'Mizuumi' from project 'Mizuumi')
    cd /Users/runner/work/mizuumi-fishing/mizuumi-fishing
    write-file /Users/runner/work/mizuumi-fishing/mizuumi-fishing/build/Build/Intermediates.noindex/Mizuumi.build/Release-iphoneos/Mizuumi.build/Mizuumi.DependencyStaticMetadataFileList

WriteAuxiliaryFile /Users/runner/work/mizuumi-fishing/mizuumi-fishing/build/Build/Intermediates.noindex/Mizuumi.build/Release-iphoneos/Mizuumi.build/Mizuumi.DependencyMetadataFileList (in target 'Mizuumi' from project 'Mizuumi')
    cd /Users/runner/work/mizuumi-fishing/mizuumi-fishing
    write-file /Users/runner/work/mizuumi-fishing/mizuumi-fishing/build/Build/Intermediates.noindex/Mizuumi.build/Release-iphoneos/Mizuumi.build/Mizuumi.DependencyMetadataFileList

WriteAuxiliaryFile /Users/runner/work/mizuumi-fishing/mizuumi-fishing/build/Build/Intermediates.noindex/Mizuumi.build/Release-iphoneos/Mizuumi.build/Mizuumi-project-headers.hmap (in target 'Mizuumi' from project 'Mizuumi')
    cd /Users/runner/work/mizuumi-fishing/mizuumi-fishing
    write-file /Users/runner/work/mizuumi-fishing/mizuumi-fishing/build/Build/Intermediates.noindex/Mizuumi.build/Release-iphoneos/Mizuumi.build/Mizuumi-project-headers.hmap

WriteAuxiliaryFile /Users/runner/work/mizuumi-fishing/mizuumi-fishing/build/Build/Intermediates.noindex/Mizuumi.build/Release-iphoneos/Mizuumi.build/Mizuumi-own-target-headers.hmap (in target 'Mizuumi' from project 'Mizuumi')
    cd /Users/runner/work/mizuumi-fishing/mizuumi-fishing
    write-file /Users/runner/work/mizuumi-fishing/mizuumi-fishing/build/Build/Intermediates.noindex/Mizuumi.build/Release-iphoneos/Mizuumi.build/Mizuumi-own-target-headers.hmap

WriteAuxiliaryFile /Users/runner/work/mizuumi-fishing/mizuumi-fishing/build/Build/Intermediates.noindex/Mizuumi.build/Release-iphoneos/Mizuumi.build/Mizuumi-generated-files.hmap (in target 'Mizuumi' from project 'Mizuumi')
    cd /Users/runner/work/mizuumi-fishing/mizuumi-fishing
    write-file /Users/runner/work/mizuumi-fishing/mizuumi-fishing/build/Build/Intermediates.noindex/Mizuumi.build/Release-iphoneos/Mizuumi.build/Mizuumi-generated-files.hmap

WriteAuxiliaryFile /Users/runner/work/mizuumi-fishing/mizuumi-fishing/build/Build/Intermediates.noindex/Mizuumi.build/Release-iphoneos/Mizuumi.build/Mizuumi-all-target-headers.hmap (in target 'Mizuumi' from project 'Mizuumi')
    cd /Users/runner/work/mizuumi-fishing/mizuumi-fishing
    write-file /Users/runner/work/mizuumi-fishing/mizuumi-fishing/build/Build/Intermediates.noindex/Mizuumi.build/Release-iphoneos/Mizuumi.build/Mizuumi-all-target-headers.hmap

WriteAuxiliaryFile /Users/runner/work/mizuumi-fishing/mizuumi-fishing/build/Build/Intermediates.noindex/Mizuumi.build/Release-iphoneos/Mizuumi.build/Mizuumi-all-non-framework-target-headers.hmap (in target 'Mizuumi' from project 'Mizuumi')
    cd /Users/runner/work/mizuumi-fishing/mizuumi-fishing
    write-file /Users/runner/work/mizuumi-fishing/mizuumi-fishing/build/Build/Intermediates.noindex/Mizuumi.build/Release-iphoneos/Mizuumi.build/Mizuumi-all-non-framework-target-headers.hmap

MkDir /Users/runner/work/mizuumi-fishing/mizuumi-fishing/build/Build/Products/Release-iphoneos/Mizuumi.app (in target 'Mizuumi' from project 'Mizuumi')
    cd /Users/runner/work/mizuumi-fishing/mizuumi-fishing
    /bin/mkdir -p /Users/runner/work/mizuumi-fishing/mizuumi-fishing/build/Build/Products/Release-iphoneos/Mizuumi.app

MkDir /Users/runner/work/mizuumi-fishing/mizuumi-fishing/build/Build/Intermediates.noindex/Mizuumi.build/Release-iphoneos/Mizuumi.build/assetcatalog_output/unthinned (in target 'Mizuumi' from project 'Mizuumi')
    cd /Users/runner/work/mizuumi-fishing/mizuumi-fishing
    /bin/mkdir -p /Users/runner/work/mizuumi-fishing/mizuumi-fishing/build/Build/Intermediates.noindex/Mizuumi.build/Release-iphoneos/Mizuumi.build/assetcatalog_output/unthinned

MkDir /Users/runner/work/mizuumi-fishing/mizuumi-fishing/build/Build/Intermediates.noindex/Mizuumi.build/Release-iphoneos/Mizuumi.build/assetcatalog_output/thinned (in target 'Mizuumi' from project 'Mizuumi')
    cd /Users/runner/work/mizuumi-fishing/mizuumi-fishing
    /bin/mkdir -p /Users/runner/work/mizuumi-fishing/mizuumi-fishing/build/Build/Intermediates.noindex/Mizuumi.build/Release-iphoneos/Mizuumi.build/assetcatalog_output/thinned

GenerateAssetSymbols /Users/runner/work/mizuumi-fishing/mizuumi-fishing/Mizuumi/Assets.xcassets (in target 'Mizuumi' from project 'Mizuumi')
    cd /Users/runner/work/mizuumi-fishing/mizuumi-fishing
    /Applications/Xcode_16.4.app/Contents/Developer/usr/bin/actool /Users/runner/work/mizuumi-fishing/mizuumi-fishing/Mizuumi/Assets.xcassets --compile /Users/runner/work/mizuumi-fishing/mizuumi-fishing/build/Build/Products/Release-iphoneos/Mizuumi.app --output-format human-readable-text --notices --warnings --export-dependency-info /Users/runner/work/mizuumi-fishing/mizuumi-fishing/build/Build/Intermediates.noindex/Mizuumi.build/Release-iphoneos/Mizuumi.build/assetcatalog_dependencies --output-partial-info-plist /Users/runner/work/mizuumi-fishing/mizuumi-fishing/build/Build/Intermediates.noindex/Mizuumi.build/Release-iphoneos/Mizuumi.build/assetcatalog_generated_info.plist --app-icon AppIcon --accent-color AccentColor --compress-pngs --enable-on-demand-resources YES --development-region en --target-device iphone --minimum-deployment-target 17.0 --platform iphoneos --bundle-identifier com.example.mizuumi --generate-swift-asset-symbols /Users/runner/work/mizuumi-fishing/mizuumi-fishing/build/Build/Intermediates.noindex/Mizuumi.build/Release-iphoneos/Mizuumi.build/DerivedSources/GeneratedAssetSymbols.swift --generate-objc-asset-symbols /Users/runner/work/mizuumi-fishing/mizuumi-fishing/build/Build/Intermediates.noindex/Mizuumi.build/Release-iphoneos/Mizuumi.build/DerivedSources/GeneratedAssetSymbols.h --generate-asset-symbol-index /Users/runner/work/mizuumi-fishing/mizuumi-fishing/build/Build/Intermediates.noindex/Mizuumi.build/Release-iphoneos/Mizuumi.build/DerivedSources/GeneratedAssetSymbols-Index.plist
/* com.apple.actool.compilation-results */
/Users/runner/work/mizuumi-fishing/mizuumi-fishing/build/Build/Intermediates.noindex/Mizuumi.build/Release-iphoneos/Mizuumi.build/DerivedSources/GeneratedAssetSymbols-Index.plist
/Users/runner/work/mizuumi-fishing/mizuumi-fishing/build/Build/Intermediates.noindex/Mizuumi.build/Release-iphoneos/Mizuumi.build/DerivedSources/GeneratedAssetSymbols.h
/Users/runner/work/mizuumi-fishing/mizuumi-fishing/build/Build/Intermediates.noindex/Mizuumi.build/Release-iphoneos/Mizuumi.build/DerivedSources/GeneratedAssetSymbols.swift


CompileAssetCatalogVariant thinned /Users/runner/work/mizuumi-fishing/mizuumi-fishing/build/Build/Products/Release-iphoneos/Mizuumi.app /Users/runner/work/mizuumi-fishing/mizuumi-fishing/Mizuumi/Assets.xcassets (in target 'Mizuumi' from project 'Mizuumi')
    cd /Users/runner/work/mizuumi-fishing/mizuumi-fishing
    /Applications/Xcode_16.4.app/Contents/Developer/usr/bin/actool /Users/runner/work/mizuumi-fishing/mizuumi-fishing/Mizuumi/Assets.xcassets --compile /Users/runner/work/mizuumi-fishing/mizuumi-fishing/build/Build/Intermediates.noindex/Mizuumi.build/Release-iphoneos/Mizuumi.build/assetcatalog_output/thinned --output-format human-readable-text --notices --warnings --export-dependency-info /Users/runner/work/mizuumi-fishing/mizuumi-fishing/build/Build/Intermediates.noindex/Mizuumi.build/Release-iphoneos/Mizuumi.build/assetcatalog_dependencies_thinned --output-partial-info-plist /Users/runner/work/mizuumi-fishing/mizuumi-fishing/build/Build/Intermediates.noindex/Mizuumi.build/Release-iphoneos/Mizuumi.build/assetcatalog_generated_info.plist_thinned --app-icon AppIcon --accent-color AccentColor --compress-pngs --enable-on-demand-resources YES --development-region en --target-device iphone --minimum-deployment-target 17.0 --platform iphoneos
/* com.apple.actool.compilation-results */
/Users/runner/work/mizuumi-fishing/mizuumi-fishing/build/Build/Intermediates.noindex/Mizuumi.build/Release-iphoneos/Mizuumi.build/assetcatalog_generated_info.plist_thinned
/Users/runner/work/mizuumi-fishing/mizuumi-fishing/build/Build/Intermediates.noindex/Mizuumi.build/Release-iphoneos/Mizuumi.build/assetcatalog_output/thinned/Assets.car


SwiftDriver Mizuumi normal arm64 com.apple.xcode.tools.swift.compiler (in target 'Mizuumi' from project 'Mizuumi')
    cd /Users/runner/work/mizuumi-fishing/mizuumi-fishing
    builtin-SwiftDriver -- /Applications/Xcode_16.4.app/Contents/Developer/Toolchains/XcodeDefault.xctoolchain/usr/bin/swiftc -module-name Mizuumi -O -whole-module-optimization -enforce-exclusivity\=checked @/Users/runner/work/mizuumi-fishing/mizuumi-fishing/build/Build/Intermediates.noindex/Mizuumi.build/Release-iphoneos/Mizuumi.build/Objects-normal/arm64/Mizuumi.SwiftFileList -enable-bare-slash-regex -enable-experimental-feature DebugDescriptionMacro -sdk /Applications/Xcode_16.4.app/Contents/Developer/Platforms/iPhoneOS.platform/Developer/SDKs/iPhoneOS18.5.sdk -target arm64-apple-ios17.0 -g -module-cache-path /Users/runner/work/mizuumi-fishing/mizuumi-fishing/build/ModuleCache.noindex -Xfrontend -serialize-debugging-options -swift-version 5 -I /Users/runner/work/mizuumi-fishing/mizuumi-fishing/build/Build/Products/Release-iphoneos -F /Users/runner/work/mizuumi-fishing/mizuumi-fishing/build/Build/Products/Release-iphoneos -emit-localized-strings -emit-localized-strings-path /Users/runner/work/mizuumi-fishing/mizuumi-fishing/build/Build/Intermediates.noindex/Mizuumi.build/Release-iphoneos/Mizuumi.build/Objects-normal/arm64 -c -num-threads 3 -Xcc -ivfsstatcache -Xcc /Users/runner/work/mizuumi-fishing/mizuumi-fishing/build/SDKStatCaches.noindex/iphoneos18.5-22F76-a529daf784b3616c7c04a36aeb7f5c05.sdkstatcache -output-file-map /Users/runner/work/mizuumi-fishing/mizuumi-fishing/build/Build/Intermediates.noindex/Mizuumi.build/Release-iphoneos/Mizuumi.build/Objects-normal/arm64/Mizuumi-OutputFileMap.json -use-frontend-parseable-output -save-temps -no-color-diagnostics -serialize-diagnostics -emit-dependencies -emit-module -emit-module-path /Users/runner/work/mizuumi-fishing/mizuumi-fishing/build/Build/Intermediates.noindex/Mizuumi.build/Release-iphoneos/Mizuumi.build/Objects-normal/arm64/Mizuumi.swiftmodule -validate-clang-modules-once -clang-build-session-file /Users/runner/work/mizuumi-fishing/mizuumi-fishing/build/ModuleCache.noindex/Session.modulevalidation -Xcc -I/Users/runner/work/mizuumi-fishing/mizuumi-fishing/build/Build/Intermediates.noindex/Mizuumi.build/Release-iphoneos/Mizuumi.build/swift-overrides.hmap -emit-const-values -Xfrontend -const-gather-protocols-file -Xfrontend /Users/runner/work/mizuumi-fishing/mizuumi-fishing/build/Build/Intermediates.noindex/Mizuumi.build/Release-iphoneos/Mizuumi.build/Objects-normal/arm64/Mizuumi_const_extract_protocols.json -Xcc -iquote -Xcc /Users/runner/work/mizuumi-fishing/mizuumi-fishing/build/Build/Intermediates.noindex/Mizuumi.build/Release-iphoneos/Mizuumi.build/Mizuumi-generated-files.hmap -Xcc -I/Users/runner/work/mizuumi-fishing/mizuumi-fishing/build/Build/Intermediates.noindex/Mizuumi.build/Release-iphoneos/Mizuumi.build/Mizuumi-own-target-headers.hmap -Xcc -I/Users/runner/work/mizuumi-fishing/mizuumi-fishing/build/Build/Intermediates.noindex/Mizuumi.build/Release-iphoneos/Mizuumi.build/Mizuumi-all-target-headers.hmap -Xcc -iquote -Xcc /Users/runner/work/mizuumi-fishing/mizuumi-fishing/build/Build/Intermediates.noindex/Mizuumi.build/Release-iphoneos/Mizuumi.build/Mizuumi-project-headers.hmap -Xcc -I/Users/runner/work/mizuumi-fishing/mizuumi-fishing/build/Build/Products/Release-iphoneos/include -Xcc -I/Users/runner/work/mizuumi-fishing/mizuumi-fishing/build/Build/Intermediates.noindex/Mizuumi.build/Release-iphoneos/Mizuumi.build/DerivedSources-normal/arm64 -Xcc -I/Users/runner/work/mizuumi-fishing/mizuumi-fishing/build/Build/Intermediates.noindex/Mizuumi.build/Release-iphoneos/Mizuumi.build/DerivedSources/arm64 -Xcc -I/Users/runner/work/mizuumi-fishing/mizuumi-fishing/build/Build/Intermediates.noindex/Mizuumi.build/Release-iphoneos/Mizuumi.build/DerivedSources -emit-objc-header -emit-objc-header-path /Users/runner/work/mizuumi-fishing/mizuumi-fishing/build/Build/Intermediates.noindex/Mizuumi.build/Release-iphoneos/Mizuumi.build/Objects-normal/arm64/Mizuumi-Swift.h -working-directory /Users/runner/work/mizuumi-fishing/mizuumi-fishing -no-emit-module-separately-wmo

SwiftCompile normal arm64 Compiling\ FishNode.swift,\ BoatController.swift,\ SettingsView.swift,\ BaitBoxView.swift,\ BoatNode.swift,\ FishSpecies.swift,\ ValueNoise.swift,\ MainMenuView.swift,\ MissionSystem.swift,\ FishCatalog.swift,\ Bait.swift,\ FishingSystem.swift,\ RootView.swift,\ AudioManager.swift,\ SaveGameManager.swift,\ DayNightSystem.swift,\ CatchResultView.swift,\ DecorFactory.swift,\ ColorPalette.swift,\ BaitSystem.swift,\ PaperStyle.swift,\ Equipment.swift,\ TextureFactory.swift,\ JoystickView.swift,\ LakeMap.swift,\ BaitCatalog.swift,\ LakeScene.swift,\ FishAI.swift,\ GameView.swift,\ MizuumiApp.swift,\ SaveData.swift,\ CatchMiniGame.swift,\ ShopView.swift,\ CatchMiniGameView.swift,\ BobberNode.swift,\ Mission.swift,\ MissionsView.swift,\ UpgradeSystem.swift,\ UpgradeCatalog.swift,\ CoreTypes.swift,\ Random.swift,\ FishSpawner.swift,\ HapticManager.swift,\ EconomySystem.swift,\ GameSession.swift,\ CodexView.swift,\ GeneratedAssetSymbols.swift /Users/runner/work/mizuumi-fishing/mizuumi-fishing/Mizuumi/GameObjects/FishNode.swift /Users/runner/work/mizuumi-fishing/mizuumi-fishing/Mizuumi/Systems/BoatController.swift /Users/runner/work/mizuumi-fishing/mizuumi-fishing/Mizuumi/UI/SettingsView.swift /Users/runner/work/mizuumi-fishing/mizuumi-fishing/Mizuumi/UI/BaitBoxView.swift /Users/runner/work/mizuumi-fishing/mizuumi-fishing/Mizuumi/GameObjects/BoatNode.swift /Users/runner/work/mizuumi-fishing/mizuumi-fishing/Mizuumi/Models/FishSpecies.swift /Users/runner/work/mizuumi-fishing/mizuumi-fishing/Mizuumi/Support/ValueNoise.swift /Users/runner/work/mizuumi-fishing/mizuumi-fishing/Mizuumi/UI/MainMenuView.swift /Users/runner/work/mizuumi-fishing/mizuumi-fishing/Mizuumi/Systems/MissionSystem.swift /Users/runner/work/mizuumi-fishing/mizuumi-fishing/Mizuumi/Data/FishCatalog.swift /Users/runner/work/mizuumi-fishing/mizuumi-fishing/Mizuumi/Models/Bait.swift /Users/runner/work/mizuumi-fishing/mizuumi-fishing/Mizuumi/Systems/FishingSystem.swift /Users/runner/work/mizuumi-fishing/mizuumi-fishing/Mizuumi/App/RootView.swift /Users/runner/work/mizuumi-fishing/mizuumi-fishing/Mizuumi/Managers/AudioManager.swift /Users/runner/work/mizuumi-fishing/mizuumi-fishing/Mizuumi/Persistence/SaveGameManager.swift /Users/runner/work/mizuumi-fishing/mizuumi-fishing/Mizuumi/Systems/DayNightSystem.swift /Users/runner/work/mizuumi-fishing/mizuumi-fishing/Mizuumi/UI/CatchResultView.swift /Users/runner/work/mizuumi-fishing/mizuumi-fishing/Mizuumi/GameObjects/DecorFactory.swift /Users/runner/work/mizuumi-fishing/mizuumi-fishing/Mizuumi/Support/ColorPalette.swift /Users/runner/work/mizuumi-fishing/mizuumi-fishing/Mizuumi/Systems/BaitSystem.swift /Users/runner/work/mizuumi-fishing/mizuumi-fishing/Mizuumi/UI/PaperStyle.swift /Users/runner/work/mizuumi-fishing/mizuumi-fishing/Mizuumi/Models/Equipment.swift /Users/runner/work/mizuumi-fishing/mizuumi-fishing/Mizuumi/Support/TextureFactory.swift /Users/runner/work/mizuumi-fishing/mizuumi-fishing/Mizuumi/UI/JoystickView.swift /Users/runner/work/mizuumi-fishing/mizuumi-fishing/Mizuumi/Systems/LakeMap.swift /Users/runner/work/mizuumi-fishing/mizuumi-fishing/Mizuumi/Data/BaitCatalog.swift /Users/runner/work/mizuumi-fishing/mizuumi-fishing/Mizuumi/Scenes/LakeScene.swift /Users/runner/work/mizuumi-fishing/mizuumi-fishing/Mizuumi/Systems/FishAI.swift /Users/runner/work/mizuumi-fishing/mizuumi-fishing/Mizuumi/UI/GameView.swift /Users/runner/work/mizuumi-fishing/mizuumi-fishing/Mizuumi/App/MizuumiApp.swift /Users/runner/work/mizuumi-fishing/mizuumi-fishing/Mizuumi/Persistence/SaveData.swift /Users/runner/work/mizuumi-fishing/mizuumi-fishing/Mizuumi/Systems/CatchMiniGame.swift /Users/runner/work/mizuumi-fishing/mizuumi-fishing/Mizuumi/UI/ShopView.swift /Users/runner/work/mizuumi-fishing/mizuumi-fishing/Mizuumi/UI/CatchMiniGameView.swift /Users/runner/work/mizuumi-fishing/mizuumi-fishing/Mizuumi/GameObjects/BobberNode.swift /Users/runner/work/mizuumi-fishing/mizuumi-fishing/Mizuumi/Models/Mission.swift /Users/runner/work/mizuumi-fishing/mizuumi-fishing/Mizuumi/UI/MissionsView.swift /Users/runner/work/mizuumi-fishing/mizuumi-fishing/Mizuumi/Systems/UpgradeSystem.swift /Users/runner/work/mizuumi-fishing/mizuumi-fishing/Mizuumi/Data/UpgradeCatalog.swift /Users/runner/work/mizuumi-fishing/mizuumi-fishing/Mizuumi/Models/CoreTypes.swift /Users/runner/work/mizuumi-fishing/mizuumi-fishing/Mizuumi/Support/Random.swift /Users/runner/work/mizuumi-fishing/mizuumi-fishing/Mizuumi/Systems/FishSpawner.swift /Users/runner/work/mizuumi-fishing/mizuumi-fishing/Mizuumi/Managers/HapticManager.swift /Users/runner/work/mizuumi-fishing/mizuumi-fishing/Mizuumi/Systems/EconomySystem.swift /Users/runner/work/mizuumi-fishing/mizuumi-fishing/Mizuumi/ViewModels/GameSession.swift /Users/runner/work/mizuumi-fishing/mizuumi-fishing/Mizuumi/UI/CodexView.swift /Users/runner/work/mizuumi-fishing/mizuumi-fishing/build/Build/Intermediates.noindex/Mizuumi.build/Release-iphoneos/Mizuumi.build/DerivedSources/GeneratedAssetSymbols.swift (in target 'Mizuumi' from project 'Mizuumi')
CompileSwift normal arm64 (in target 'Mizuumi' from project 'Mizuumi')
    cd /Users/runner/work/mizuumi-fishing/mizuumi-fishing
    

SwiftDriver\ Compilation Mizuumi normal arm64 com.apple.xcode.tools.swift.compiler (in target 'Mizuumi' from project 'Mizuumi')
    cd /Users/runner/work/mizuumi-fishing/mizuumi-fishing
    builtin-Swift-Compilation -- /Applications/Xcode_16.4.app/Contents/Developer/Toolchains/XcodeDefault.xctoolchain/usr/bin/swiftc -module-name Mizuumi -O -whole-module-optimization -enforce-exclusivity\=checked @/Users/runner/work/mizuumi-fishing/mizuumi-fishing/build/Build/Intermediates.noindex/Mizuumi.build/Release-iphoneos/Mizuumi.build/Objects-normal/arm64/Mizuumi.SwiftFileList -enable-bare-slash-regex -enable-experimental-feature DebugDescriptionMacro -sdk /Applications/Xcode_16.4.app/Contents/Developer/Platforms/iPhoneOS.platform/Developer/SDKs/iPhoneOS18.5.sdk -target arm64-apple-ios17.0 -g -module-cache-path /Users/runner/work/mizuumi-fishing/mizuumi-fishing/build/ModuleCache.noindex -Xfrontend -serialize-debugging-options -swift-version 5 -I /Users/runner/work/mizuumi-fishing/mizuumi-fishing/build/Build/Products/Release-iphoneos -F /Users/runner/work/mizuumi-fishing/mizuumi-fishing/build/Build/Products/Release-iphoneos -emit-localized-strings -emit-localized-strings-path /Users/runner/work/mizuumi-fishing/mizuumi-fishing/build/Build/Intermediates.noindex/Mizuumi.build/Release-iphoneos/Mizuumi.build/Objects-normal/arm64 -c -num-threads 3 -Xcc -ivfsstatcache -Xcc /Users/runner/work/mizuumi-fishing/mizuumi-fishing/build/SDKStatCaches.noindex/iphoneos18.5-22F76-a529daf784b3616c7c04a36aeb7f5c05.sdkstatcache -output-file-map /Users/runner/work/mizuumi-fishing/mizuumi-fishing/build/Build/Intermediates.noindex/Mizuumi.build/Release-iphoneos/Mizuumi.build/Objects-normal/arm64/Mizuumi-OutputFileMap.json -use-frontend-parseable-output -save-temps -no-color-diagnostics -serialize-diagnostics -emit-dependencies -emit-module -emit-module-path /Users/runner/work/mizuumi-fishing/mizuumi-fishing/build/Build/Intermediates.noindex/Mizuumi.build/Release-iphoneos/Mizuumi.build/Objects-normal/arm64/Mizuumi.swiftmodule -validate-clang-modules-once -clang-build-session-file /Users/runner/work/mizuumi-fishing/mizuumi-fishing/build/ModuleCache.noindex/Session.modulevalidation -Xcc -I/Users/runner/work/mizuumi-fishing/mizuumi-fishing/build/Build/Intermediates.noindex/Mizuumi.build/Release-iphoneos/Mizuumi.build/swift-overrides.hmap -emit-const-values -Xfrontend -const-gather-protocols-file -Xfrontend /Users/runner/work/mizuumi-fishing/mizuumi-fishing/build/Build/Intermediates.noindex/Mizuumi.build/Release-iphoneos/Mizuumi.build/Objects-normal/arm64/Mizuumi_const_extract_protocols.json -Xcc -iquote -Xcc /Users/runner/work/mizuumi-fishing/mizuumi-fishing/build/Build/Intermediates.noindex/Mizuumi.build/Release-iphoneos/Mizuumi.build/Mizuumi-generated-files.hmap -Xcc -I/Users/runner/work/mizuumi-fishing/mizuumi-fishing/build/Build/Intermediates.noindex/Mizuumi.build/Release-iphoneos/Mizuumi.build/Mizuumi-own-target-headers.hmap -Xcc -I/Users/runner/work/mizuumi-fishing/mizuumi-fishing/build/Build/Intermediates.noindex/Mizuumi.build/Release-iphoneos/Mizuumi.build/Mizuumi-all-target-headers.hmap -Xcc -iquote -Xcc /Users/runner/work/mizuumi-fishing/mizuumi-fishing/build/Build/Intermediates.noindex/Mizuumi.build/Release-iphoneos/Mizuumi.build/Mizuumi-project-headers.hmap -Xcc -I/Users/runner/work/mizuumi-fishing/mizuumi-fishing/build/Build/Products/Release-iphoneos/include -Xcc -I/Users/runner/work/mizuumi-fishing/mizuumi-fishing/build/Build/Intermediates.noindex/Mizuumi.build/Release-iphoneos/Mizuumi.build/DerivedSources-normal/arm64 -Xcc -I/Users/runner/work/mizuumi-fishing/mizuumi-fishing/build/Build/Intermediates.noindex/Mizuumi.build/Release-iphoneos/Mizuumi.build/DerivedSources/arm64 -Xcc -I/Users/runner/work/mizuumi-fishing/mizuumi-fishing/build/Build/Intermediates.noindex/Mizuumi.build/Release-iphoneos/Mizuumi.build/DerivedSources -emit-objc-header -emit-objc-header-path /Users/runner/work/mizuumi-fishing/mizuumi-fishing/build/Build/Intermediates.noindex/Mizuumi.build/Release-iphoneos/Mizuumi.build/Objects-normal/arm64/Mizuumi-Swift.h -working-directory /Users/runner/work/mizuumi-fishing/mizuumi-fishing -no-emit-module-separately-wmo

LinkAssetCatalog /Users/runner/work/mizuumi-fishing/mizuumi-fishing/Mizuumi/Assets.xcassets (in target 'Mizuumi' from project 'Mizuumi')
    cd /Users/runner/work/mizuumi-fishing/mizuumi-fishing
    builtin-linkAssetCatalog --thinned /Users/runner/work/mizuumi-fishing/mizuumi-fishing/build/Build/Intermediates.noindex/Mizuumi.build/Release-iphoneos/Mizuumi.build/assetcatalog_output/thinned --thinned-dependencies /Users/runner/work/mizuumi-fishing/mizuumi-fishing/build/Build/Intermediates.noindex/Mizuumi.build/Release-iphoneos/Mizuumi.build/assetcatalog_dependencies_thinned --thinned-info-plist-content /Users/runner/work/mizuumi-fishing/mizuumi-fishing/build/Build/Intermediates.noindex/Mizuumi.build/Release-iphoneos/Mizuumi.build/assetcatalog_generated_info.plist_thinned --unthinned /Users/runner/work/mizuumi-fishing/mizuumi-fishing/build/Build/Intermediates.noindex/Mizuumi.build/Release-iphoneos/Mizuumi.build/assetcatalog_output/unthinned --unthinned-dependencies /Users/runner/work/mizuumi-fishing/mizuumi-fishing/build/Build/Intermediates.noindex/Mizuumi.build/Release-iphoneos/Mizuumi.build/assetcatalog_dependencies_unthinned --unthinned-info-plist-content /Users/runner/work/mizuumi-fishing/mizuumi-fishing/build/Build/Intermediates.noindex/Mizuumi.build/Release-iphoneos/Mizuumi.build/assetcatalog_generated_info.plist_unthinned --output /Users/runner/work/mizuumi-fishing/mizuumi-fishing/build/Build/Products/Release-iphoneos/Mizuumi.app --plist-output /Users/runner/work/mizuumi-fishing/mizuumi-fishing/build/Build/Intermediates.noindex/Mizuumi.build/Release-iphoneos/Mizuumi.build/assetcatalog_generated_info.plist
note: Emplaced /Users/runner/work/mizuumi-fishing/mizuumi-fishing/build/Build/Products/Release-iphoneos/Mizuumi.app/Assets.car (in target 'Mizuumi' from project 'Mizuumi')

ProcessInfoPlistFile /Users/runner/work/mizuumi-fishing/mizuumi-fishing/build/Build/Products/Release-iphoneos/Mizuumi.app/Info.plist /Users/runner/work/mizuumi-fishing/mizuumi-fishing/build/Build/Intermediates.noindex/Mizuumi.build/Release-iphoneos/Mizuumi.build/empty-Mizuumi.plist (in target 'Mizuumi' from project 'Mizuumi')
    cd /Users/runner/work/mizuumi-fishing/mizuumi-fishing
    builtin-infoPlistUtility /Users/runner/work/mizuumi-fishing/mizuumi-fishing/build/Build/Intermediates.noindex/Mizuumi.build/Release-iphoneos/Mizuumi.build/empty-Mizuumi.plist -producttype com.apple.product-type.application -genpkginfo /Users/runner/work/mizuumi-fishing/mizuumi-fishing/build/Build/Products/Release-iphoneos/Mizuumi.app/PkgInfo -expandbuildsettings -format binary -platform iphoneos -additionalcontentfile /Users/runner/work/mizuumi-fishing/mizuumi-fishing/build/Build/Intermediates.noindex/Mizuumi.build/Release-iphoneos/Mizuumi.build/assetcatalog_generated_info.plist -requiredArchitecture arm64 -o /Users/runner/work/mizuumi-fishing/mizuumi-fishing/build/Build/Products/Release-iphoneos/Mizuumi.app/Info.plist

SwiftDriverJobDiscovery normal arm64 Compiling FishNode.swift, BoatController.swift, SettingsView.swift, BaitBoxView.swift, BoatNode.swift, FishSpecies.swift, ValueNoise.swift, MainMenuView.swift, MissionSystem.swift, FishCatalog.swift, Bait.swift, FishingSystem.swift, RootView.swift, AudioManager.swift, SaveGameManager.swift, DayNightSystem.swift, CatchResultView.swift, DecorFactory.swift, ColorPalette.swift, BaitSystem.swift, PaperStyle.swift, Equipment.swift, TextureFactory.swift, JoystickView.swift, LakeMap.swift, BaitCatalog.swift, LakeScene.swift, FishAI.swift, GameView.swift, MizuumiApp.swift, SaveData.swift, CatchMiniGame.swift, ShopView.swift, CatchMiniGameView.swift, BobberNode.swift, Mission.swift, MissionsView.swift, UpgradeSystem.swift, UpgradeCatalog.swift, CoreTypes.swift, Random.swift, FishSpawner.swift, HapticManager.swift, EconomySystem.swift, GameSession.swift, CodexView.swift, GeneratedAssetSymbols.swift (in target 'Mizuumi' from project 'Mizuumi')

SwiftDriver\ Compilation\ Requirements Mizuumi normal arm64 com.apple.xcode.tools.swift.compiler (in target 'Mizuumi' from project 'Mizuumi')
    cd /Users/runner/work/mizuumi-fishing/mizuumi-fishing
    builtin-Swift-Compilation-Requirements -- /Applications/Xcode_16.4.app/Contents/Developer/Toolchains/XcodeDefault.xctoolchain/usr/bin/swiftc -module-name Mizuumi -O -whole-module-optimization -enforce-exclusivity\=checked @/Users/runner/work/mizuumi-fishing/mizuumi-fishing/build/Build/Intermediates.noindex/Mizuumi.build/Release-iphoneos/Mizuumi.build/Objects-normal/arm64/Mizuumi.SwiftFileList -enable-bare-slash-regex -enable-experimental-feature DebugDescriptionMacro -sdk /Applications/Xcode_16.4.app/Contents/Developer/Platforms/iPhoneOS.platform/Developer/SDKs/iPhoneOS18.5.sdk -target arm64-apple-ios17.0 -g -module-cache-path /Users/runner/work/mizuumi-fishing/mizuumi-fishing/build/ModuleCache.noindex -Xfrontend -serialize-debugging-options -swift-version 5 -I /Users/runner/work/mizuumi-fishing/mizuumi-fishing/build/Build/Products/Release-iphoneos -F /Users/runner/work/mizuumi-fishing/mizuumi-fishing/build/Build/Products/Release-iphoneos -emit-localized-strings -emit-localized-strings-path /Users/runner/work/mizuumi-fishing/mizuumi-fishing/build/Build/Intermediates.noindex/Mizuumi.build/Release-iphoneos/Mizuumi.build/Objects-normal/arm64 -c -num-threads 3 -Xcc -ivfsstatcache -Xcc /Users/runner/work/mizuumi-fishing/mizuumi-fishing/build/SDKStatCaches.noindex/iphoneos18.5-22F76-a529daf784b3616c7c04a36aeb7f5c05.sdkstatcache -output-file-map /Users/runner/work/mizuumi-fishing/mizuumi-fishing/build/Build/Intermediates.noindex/Mizuumi.build/Release-iphoneos/Mizuumi.build/Objects-normal/arm64/Mizuumi-OutputFileMap.json -use-frontend-parseable-output -save-temps -no-color-diagnostics -serialize-diagnostics -emit-dependencies -emit-module -emit-module-path /Users/runner/work/mizuumi-fishing/mizuumi-fishing/build/Build/Intermediates.noindex/Mizuumi.build/Release-iphoneos/Mizuumi.build/Objects-normal/arm64/Mizuumi.swiftmodule -validate-clang-modules-once -clang-build-session-file /Users/runner/work/mizuumi-fishing/mizuumi-fishing/build/ModuleCache.noindex/Session.modulevalidation -Xcc -I/Users/runner/work/mizuumi-fishing/mizuumi-fishing/build/Build/Intermediates.noindex/Mizuumi.build/Release-iphoneos/Mizuumi.build/swift-overrides.hmap -emit-const-values -Xfrontend -const-gather-protocols-file -Xfrontend /Users/runner/work/mizuumi-fishing/mizuumi-fishing/build/Build/Intermediates.noindex/Mizuumi.build/Release-iphoneos/Mizuumi.build/Objects-normal/arm64/Mizuumi_const_extract_protocols.json -Xcc -iquote -Xcc /Users/runner/work/mizuumi-fishing/mizuumi-fishing/build/Build/Intermediates.noindex/Mizuumi.build/Release-iphoneos/Mizuumi.build/Mizuumi-generated-files.hmap -Xcc -I/Users/runner/work/mizuumi-fishing/mizuumi-fishing/build/Build/Intermediates.noindex/Mizuumi.build/Release-iphoneos/Mizuumi.build/Mizuumi-own-target-headers.hmap -Xcc -I/Users/runner/work/mizuumi-fishing/mizuumi-fishing/build/Build/Intermediates.noindex/Mizuumi.build/Release-iphoneos/Mizuumi.build/Mizuumi-all-target-headers.hmap -Xcc -iquote -Xcc /Users/runner/work/mizuumi-fishing/mizuumi-fishing/build/Build/Intermediates.noindex/Mizuumi.build/Release-iphoneos/Mizuumi.build/Mizuumi-project-headers.hmap -Xcc -I/Users/runner/work/mizuumi-fishing/mizuumi-fishing/build/Build/Products/Release-iphoneos/include -Xcc -I/Users/runner/work/mizuumi-fishing/mizuumi-fishing/build/Build/Intermediates.noindex/Mizuumi.build/Release-iphoneos/Mizuumi.build/DerivedSources-normal/arm64 -Xcc -I/Users/runner/work/mizuumi-fishing/mizuumi-fishing/build/Build/Intermediates.noindex/Mizuumi.build/Release-iphoneos/Mizuumi.build/DerivedSources/arm64 -Xcc -I/Users/runner/work/mizuumi-fishing/mizuumi-fishing/build/Build/Intermediates.noindex/Mizuumi.build/Release-iphoneos/Mizuumi.build/DerivedSources -emit-objc-header -emit-objc-header-path /Users/runner/work/mizuumi-fishing/mizuumi-fishing/build/Build/Intermediates.noindex/Mizuumi.build/Release-iphoneos/Mizuumi.build/Objects-normal/arm64/Mizuumi-Swift.h -working-directory /Users/runner/work/mizuumi-fishing/mizuumi-fishing -no-emit-module-separately-wmo

SwiftMergeGeneratedHeaders /Users/runner/work/mizuumi-fishing/mizuumi-fishing/build/Build/Intermediates.noindex/Mizuumi.build/Release-iphoneos/Mizuumi.build/DerivedSources/Mizuumi-Swift.h /Users/runner/work/mizuumi-fishing/mizuumi-fishing/build/Build/Intermediates.noindex/Mizuumi.build/Release-iphoneos/Mizuumi.build/Objects-normal/arm64/Mizuumi-Swift.h (in target 'Mizuumi' from project 'Mizuumi')
    cd /Users/runner/work/mizuumi-fishing/mizuumi-fishing
    builtin-swiftHeaderTool -arch arm64 /Users/runner/work/mizuumi-fishing/mizuumi-fishing/build/Build/Intermediates.noindex/Mizuumi.build/Release-iphoneos/Mizuumi.build/Objects-normal/arm64/Mizuumi-Swift.h -o /Users/runner/work/mizuumi-fishing/mizuumi-fishing/build/Build/Intermediates.noindex/Mizuumi.build/Release-iphoneos/Mizuumi.build/DerivedSources/Mizuumi-Swift.h

Copy /Users/runner/work/mizuumi-fishing/mizuumi-fishing/build/Build/Products/Release-iphoneos/Mizuumi.swiftmodule/arm64-apple-ios.swiftdoc /Users/runner/work/mizuumi-fishing/mizuumi-fishing/build/Build/Intermediates.noindex/Mizuumi.build/Release-iphoneos/Mizuumi.build/Objects-normal/arm64/Mizuumi.swiftdoc (in target 'Mizuumi' from project 'Mizuumi')
    cd /Users/runner/work/mizuumi-fishing/mizuumi-fishing
    builtin-copy -exclude .DS_Store -exclude CVS -exclude .svn -exclude .git -exclude .hg -resolve-src-symlinks -rename /Users/runner/work/mizuumi-fishing/mizuumi-fishing/build/Build/Intermediates.noindex/Mizuumi.build/Release-iphoneos/Mizuumi.build/Objects-normal/arm64/Mizuumi.swiftdoc /Users/runner/work/mizuumi-fishing/mizuumi-fishing/build/Build/Products/Release-iphoneos/Mizuumi.swiftmodule/arm64-apple-ios.swiftdoc

Copy /Users/runner/work/mizuumi-fishing/mizuumi-fishing/build/Build/Products/Release-iphoneos/Mizuumi.swiftmodule/arm64-apple-ios.swiftmodule /Users/runner/work/mizuumi-fishing/mizuumi-fishing/build/Build/Intermediates.noindex/Mizuumi.build/Release-iphoneos/Mizuumi.build/Objects-normal/arm64/Mizuumi.swiftmodule (in target 'Mizuumi' from project 'Mizuumi')
    cd /Users/runner/work/mizuumi-fishing/mizuumi-fishing
    builtin-copy -exclude .DS_Store -exclude CVS -exclude .svn -exclude .git -exclude .hg -resolve-src-symlinks -rename /Users/runner/work/mizuumi-fishing/mizuumi-fishing/build/Build/Intermediates.noindex/Mizuumi.build/Release-iphoneos/Mizuumi.build/Objects-normal/arm64/Mizuumi.swiftmodule /Users/runner/work/mizuumi-fishing/mizuumi-fishing/build/Build/Products/Release-iphoneos/Mizuumi.swiftmodule/arm64-apple-ios.swiftmodule

Copy /Users/runner/work/mizuumi-fishing/mizuumi-fishing/build/Build/Products/Release-iphoneos/Mizuumi.swiftmodule/arm64-apple-ios.abi.json /Users/runner/work/mizuumi-fishing/mizuumi-fishing/build/Build/Intermediates.noindex/Mizuumi.build/Release-iphoneos/Mizuumi.build/Objects-normal/arm64/Mizuumi.abi.json (in target 'Mizuumi' from project 'Mizuumi')
    cd /Users/runner/work/mizuumi-fishing/mizuumi-fishing
    builtin-copy -exclude .DS_Store -exclude CVS -exclude .svn -exclude .git -exclude .hg -resolve-src-symlinks -rename /Users/runner/work/mizuumi-fishing/mizuumi-fishing/build/Build/Intermediates.noindex/Mizuumi.build/Release-iphoneos/Mizuumi.build/Objects-normal/arm64/Mizuumi.abi.json /Users/runner/work/mizuumi-fishing/mizuumi-fishing/build/Build/Products/Release-iphoneos/Mizuumi.swiftmodule/arm64-apple-ios.abi.json

Copy /Users/runner/work/mizuumi-fishing/mizuumi-fishing/build/Build/Products/Release-iphoneos/Mizuumi.swiftmodule/Project/arm64-apple-ios.swiftsourceinfo /Users/runner/work/mizuumi-fishing/mizuumi-fishing/build/Build/Intermediates.noindex/Mizuumi.build/Release-iphoneos/Mizuumi.build/Objects-normal/arm64/Mizuumi.swiftsourceinfo (in target 'Mizuumi' from project 'Mizuumi')
    cd /Users/runner/work/mizuumi-fishing/mizuumi-fishing
    builtin-copy -exclude .DS_Store -exclude CVS -exclude .svn -exclude .git -exclude .hg -resolve-src-symlinks -rename /Users/runner/work/mizuumi-fishing/mizuumi-fishing/build/Build/Intermediates.noindex/Mizuumi.build/Release-iphoneos/Mizuumi.build/Objects-normal/arm64/Mizuumi.swiftsourceinfo /Users/runner/work/mizuumi-fishing/mizuumi-fishing/build/Build/Products/Release-iphoneos/Mizuumi.swiftmodule/Project/arm64-apple-ios.swiftsourceinfo

Ld /Users/runner/work/mizuumi-fishing/mizuumi-fishing/build/Build/Products/Release-iphoneos/Mizuumi.app/Mizuumi normal (in target 'Mizuumi' from project 'Mizuumi')
    cd /Users/runner/work/mizuumi-fishing/mizuumi-fishing
    /Applications/Xcode_16.4.app/Contents/Developer/Toolchains/XcodeDefault.xctoolchain/usr/bin/clang -Xlinker -reproducible -target arm64-apple-ios17.0 -isysroot /Applications/Xcode_16.4.app/Contents/Developer/Platforms/iPhoneOS.platform/Developer/SDKs/iPhoneOS18.5.sdk -Os -L/Users/runner/work/mizuumi-fishing/mizuumi-fishing/build/Build/Intermediates.noindex/EagerLinkingTBDs/Release-iphoneos -L/Users/runner/work/mizuumi-fishing/mizuumi-fishing/build/Build/Products/Release-iphoneos -F/Users/runner/work/mizuumi-fishing/mizuumi-fishing/build/Build/Intermediates.noindex/EagerLinkingTBDs/Release-iphoneos -F/Users/runner/work/mizuumi-fishing/mizuumi-fishing/build/Build/Products/Release-iphoneos -filelist /Users/runner/work/mizuumi-fishing/mizuumi-fishing/build/Build/Intermediates.noindex/Mizuumi.build/Release-iphoneos/Mizuumi.build/Objects-normal/arm64/Mizuumi.LinkFileList -Xlinker -rpath -Xlinker @executable_path/Frameworks -dead_strip -Xlinker -object_path_lto -Xlinker /Users/runner/work/mizuumi-fishing/mizuumi-fishing/build/Build/Intermediates.noindex/Mizuumi.build/Release-iphoneos/Mizuumi.build/Objects-normal/arm64/Mizuumi_lto.o -Xlinker -dependency_info -Xlinker /Users/runner/work/mizuumi-fishing/mizuumi-fishing/build/Build/Intermediates.noindex/Mizuumi.build/Release-iphoneos/Mizuumi.build/Objects-normal/arm64/Mizuumi_dependency_info.dat -fobjc-link-runtime -L/Applications/Xcode_16.4.app/Contents/Developer/Toolchains/XcodeDefault.xctoolchain/usr/lib/swift/iphoneos -L/usr/lib/swift -Xlinker -add_ast_path -Xlinker /Users/runner/work/mizuumi-fishing/mizuumi-fishing/build/Build/Intermediates.noindex/Mizuumi.build/Release-iphoneos/Mizuumi.build/Objects-normal/arm64/Mizuumi.swiftmodule -o /Users/runner/work/mizuumi-fishing/mizuumi-fishing/build/Build/Products/Release-iphoneos/Mizuumi.app/Mizuumi

GenerateDSYMFile /Users/runner/work/mizuumi-fishing/mizuumi-fishing/build/Build/Products/Release-iphoneos/Mizuumi.app.dSYM /Users/runner/work/mizuumi-fishing/mizuumi-fishing/build/Build/Products/Release-iphoneos/Mizuumi.app/Mizuumi (in target 'Mizuumi' from project 'Mizuumi')
    cd /Users/runner/work/mizuumi-fishing/mizuumi-fishing
    /Applications/Xcode_16.4.app/Contents/Developer/Toolchains/XcodeDefault.xctoolchain/usr/bin/dsymutil /Users/runner/work/mizuumi-fishing/mizuumi-fishing/build/Build/Products/Release-iphoneos/Mizuumi.app/Mizuumi -o /Users/runner/work/mizuumi-fishing/mizuumi-fishing/build/Build/Products/Release-iphoneos/Mizuumi.app.dSYM

ExtractAppIntentsMetadata (in target 'Mizuumi' from project 'Mizuumi')
    cd /Users/runner/work/mizuumi-fishing/mizuumi-fishing
    /Applications/Xcode_16.4.app/Contents/Developer/Toolchains/XcodeDefault.xctoolchain/usr/bin/appintentsmetadataprocessor --toolchain-dir /Applications/Xcode_16.4.app/Contents/Developer/Toolchains/XcodeDefault.xctoolchain --module-name Mizuumi --sdk-root /Applications/Xcode_16.4.app/Contents/Developer/Platforms/iPhoneOS.platform/Developer/SDKs/iPhoneOS18.5.sdk --xcode-version 16F6 --platform-family iOS --deployment-target 17.0 --bundle-identifier com.example.mizuumi --output /Users/runner/work/mizuumi-fishing/mizuumi-fishing/build/Build/Products/Release-iphoneos/Mizuumi.app --target-triple arm64-apple-ios17.0 --binary-file /Users/runner/work/mizuumi-fishing/mizuumi-fishing/build/Build/Products/Release-iphoneos/Mizuumi.app/Mizuumi --dependency-file /Users/runner/work/mizuumi-fishing/mizuumi-fishing/build/Build/Intermediates.noindex/Mizuumi.build/Release-iphoneos/Mizuumi.build/Objects-normal/arm64/Mizuumi_dependency_info.dat --stringsdata-file /Users/runner/work/mizuumi-fishing/mizuumi-fishing/build/Build/Intermediates.noindex/Mizuumi.build/Release-iphoneos/Mizuumi.build/Objects-normal/arm64/ExtractedAppShortcutsMetadata.stringsdata --source-file-list /Users/runner/work/mizuumi-fishing/mizuumi-fishing/build/Build/Intermediates.noindex/Mizuumi.build/Release-iphoneos/Mizuumi.build/Objects-normal/arm64/Mizuumi.SwiftFileList --metadata-file-list /Users/runner/work/mizuumi-fishing/mizuumi-fishing/build/Build/Intermediates.noindex/Mizuumi.build/Release-iphoneos/Mizuumi.build/Mizuumi.DependencyMetadataFileList --static-metadata-file-list /Users/runner/work/mizuumi-fishing/mizuumi-fishing/build/Build/Intermediates.noindex/Mizuumi.build/Release-iphoneos/Mizuumi.build/Mizuumi.DependencyStaticMetadataFileList --swift-const-vals-list /Users/runner/work/mizuumi-fishing/mizuumi-fishing/build/Build/Intermediates.noindex/Mizuumi.build/Release-iphoneos/Mizuumi.build/Objects-normal/arm64/Mizuumi.SwiftConstValuesFileList --compile-time-extraction --deployment-aware-processing --validate-assistant-intents --no-app-shortcuts-localization
2026-08-01 08:44:23.165 appintentsmetadataprocessor[39694:101463] Starting appintentsmetadataprocessor export
2026-08-01 08:44:23.168 appintentsmetadataprocessor[39694:101463] warning: Metadata extraction skipped. No AppIntents.framework dependency found.

CopySwiftLibs /Users/runner/work/mizuumi-fishing/mizuumi-fishing/build/Build/Products/Release-iphoneos/Mizuumi.app (in target 'Mizuumi' from project 'Mizuumi')
    cd /Users/runner/work/mizuumi-fishing/mizuumi-fishing
    builtin-swiftStdLibTool --copy --verbose --scan-executable /Users/runner/work/mizuumi-fishing/mizuumi-fishing/build/Build/Products/Release-iphoneos/Mizuumi.app/Mizuumi --scan-folder /Users/runner/work/mizuumi-fishing/mizuumi-fishing/build/Build/Products/Release-iphoneos/Mizuumi.app/Frameworks --scan-folder /Users/runner/work/mizuumi-fishing/mizuumi-fishing/build/Build/Products/Release-iphoneos/Mizuumi.app/PlugIns --scan-folder /Users/runner/work/mizuumi-fishing/mizuumi-fishing/build/Build/Products/Release-iphoneos/Mizuumi.app/SystemExtensions --scan-folder /Users/runner/work/mizuumi-fishing/mizuumi-fishing/build/Build/Products/Release-iphoneos/Mizuumi.app/Extensions --platform iphoneos --toolchain /Applications/Xcode_16.4.app/Contents/Developer/Toolchains/XcodeDefault.xctoolchain --destination /Users/runner/work/mizuumi-fishing/mizuumi-fishing/build/Build/Products/Release-iphoneos/Mizuumi.app/Frameworks --strip-bitcode --strip-bitcode-tool /Applications/Xcode_16.4.app/Contents/Developer/Toolchains/XcodeDefault.xctoolchain/usr/bin/bitcode_strip --emit-dependency-info /Users/runner/work/mizuumi-fishing/mizuumi-fishing/build/Build/Intermediates.noindex/Mizuumi.build/Release-iphoneos/Mizuumi.build/SwiftStdLibToolInputDependencies.dep --filter-for-swift-os
Ignoring --strip-bitcode because --sign was not passed

AppIntentsSSUTraining (in target 'Mizuumi' from project 'Mizuumi')
    cd /Users/runner/work/mizuumi-fishing/mizuumi-fishing
    /Applications/Xcode_16.4.app/Contents/Developer/Toolchains/XcodeDefault.xctoolchain/usr/bin/appintentsnltrainingprocessor --infoplist-path /Users/runner/work/mizuumi-fishing/mizuumi-fishing/build/Build/Products/Release-iphoneos/Mizuumi.app/Info.plist --temp-dir-path /Users/runner/work/mizuumi-fishing/mizuumi-fishing/build/Build/Intermediates.noindex/Mizuumi.build/Release-iphoneos/Mizuumi.build/ssu --bundle-id com.example.mizuumi --product-path /Users/runner/work/mizuumi-fishing/mizuumi-fishing/build/Build/Products/Release-iphoneos/Mizuumi.app --extracted-metadata-path /Users/runner/work/mizuumi-fishing/mizuumi-fishing/build/Build/Products/Release-iphoneos/Mizuumi.app/Metadata.appintents --metadata-file-list /Users/runner/work/mizuumi-fishing/mizuumi-fishing/build/Build/Intermediates.noindex/Mizuumi.build/Release-iphoneos/Mizuumi.build/Mizuumi.DependencyMetadataFileList --archive-ssu-assets
2026-08-01 08:44:23.201 appintentsnltrainingprocessor[39697:101471] Parsing options for appintentsnltrainingprocessor
2026-08-01 08:44:23.202 appintentsnltrainingprocessor[39697:101471] No AppShortcuts found - Skipping.

RegisterExecutionPolicyException /Users/runner/work/mizuumi-fishing/mizuumi-fishing/build/Build/Products/Release-iphoneos/Mizuumi.app (in target 'Mizuumi' from project 'Mizuumi')
    cd /Users/runner/work/mizuumi-fishing/mizuumi-fishing
    builtin-RegisterExecutionPolicyException /Users/runner/work/mizuumi-fishing/mizuumi-fishing/build/Build/Products/Release-iphoneos/Mizuumi.app

Validate /Users/runner/work/mizuumi-fishing/mizuumi-fishing/build/Build/Products/Release-iphoneos/Mizuumi.app (in target 'Mizuumi' from project 'Mizuumi')
    cd /Users/runner/work/mizuumi-fishing/mizuumi-fishing
    builtin-validationUtility /Users/runner/work/mizuumi-fishing/mizuumi-fishing/build/Build/Products/Release-iphoneos/Mizuumi.app -validate-for-store -infoplist-subpath Info.plist

Touch /Users/runner/work/mizuumi-fishing/mizuumi-fishing/build/Build/Products/Release-iphoneos/Mizuumi.app (in target 'Mizuumi' from project 'Mizuumi')
    cd /Users/runner/work/mizuumi-fishing/mizuumi-fishing
    /usr/bin/touch -c /Users/runner/work/mizuumi-fishing/mizuumi-fishing/build/Build/Products/Release-iphoneos/Mizuumi.app

note: Disabling previews because SWIFT_VERSION is set and SWIFT_OPTIMIZATION_LEVEL=-O, expected -Onone (in target 'Mizuumi' from project 'Mizuumi')
** BUILD SUCCEEDED **

